Microchip MPLAB XC8 Compiler V2.45

Linker command line:

-W-3 \
  --edf=C:\Program Files\Microchip\xc8\v2.45\pic\dat\20230818022343_en.msgs \
  -cn -h+dist/default/production\MPLABXProjects.production.sym \
  --cmf=dist/default/production\MPLABXProjects.production.cmf -z -Q18F4620 \
  -oC:\Users\MARWAA~1\AppData\Local\Temp\xcAsue8.\driver_tmp_3.o \
  --defsym=__MPLAB_BUILD=1 --fixupoverflow=error \
  -Mdist/default/production/MPLABXProjects.production.map \
  --md=C:\Users\MARWAA~1\AppData\Local\Temp\xcAsue8.\driver_tmp_0.dat -E1 \
  -ver=XC8 Compiler --acfsm=1493 -ACODE=00h-0FFFFh -ACONST=00h-0FFFFh \
  -ASMALLCONST=01000h-010FFhx240 -AMEDIUMCONST=01000h-0FFFFh \
  -ACOMRAM=01h-07Fh -AABS1=00h-0F7Fh -ABIGRAM=01h-0F7Fh \
  -ARAM=080h-0FFh,0100h-01FFhx14,0F00h-0F7Fh -ABANK0=080h-0FFh \
  -ABANK1=0100h-01FFh -ABANK2=0200h-02FFh -ABANK3=0300h-03FFh \
  -ABANK4=0400h-04FFh -ABANK5=0500h-05FFh -ABANK6=0600h-06FFh \
  -ABANK7=0700h-07FFh -ABANK8=0800h-08FFh -ABANK9=0900h-09FFh \
  -ABANK10=0A00h-0AFFh -ABANK11=0B00h-0BFFh -ABANK12=0C00h-0CFFh \
  -ABANK13=0D00h-0DFFh -ABANK14=0E00h-0EFFh -ABANK15=0F00h-0F7Fh \
  -ASFR=0F80h-0FFFh -ABIGSFR=0F80h-0FFFh -ACONFIG=0300000h-030000Dh \
  -AIDLOC=0200000h-0200007h -AEEDATA=0F00000h-0F003FFh -peeprom_data=EEDATA \
  -preset_vec=00h,intcode,intcodelo,powerup,init -pramtop=01000h \
  -psmallconst=SMALLCONST -pmediumconst=MEDIUMCONST -pconst=CONST \
  -AFARRAM=00h-00h \
  -prdata=COMRAM,nvrram=COMRAM,nvbit=COMRAM,rbss=COMRAM,rbit=COMRAM \
  -pfarbss=FARRAM,fardata=FARRAM,nvFARRAM=FARRAM \
  -pintsave_regs=BIGRAM,bigbss=BIGRAM,bigdata=BIGRAM -pbss=RAM \
  -pidata=CODE,irdata=CODE,ibigdata=CODE,ifardata=CODE -prparam=COMRAM \
  C:\Users\MARWAA~1\AppData\Local\Temp\xcAsue8.\driver_tmp_14.o \
  dist/default/production\MPLABXProjects.production.o 

Object code version is 3.11

Machine type is 18F4620



                Name                               Link     Load   Length Selector   Space Scale
C:\Users\MARWAA~1\AppData\Local\Temp\xcAsue8.\driver_tmp_14.o
                idloc                            200000   200000        8        0       5
                config                           300000   300000        E        0       4
                init                                  0        0        4        0       0
dist/default/production\MPLABXProjects.production.o
                idloc                            200000   200000        8        0       5
                config                           300000   300000        E        0       4
                smallconst                         1000     1000       40      800       0
                text27                             1200     1200      126      820       0
                text26                             1326     1326      110      820       0
                text25                             1A6C     1A6C       5E      820       0
                text24                             1A0C     1A0C       60      820       0
                text23                             1B24     1B24       4A      820       0
                text22                             1DF6     1DF6       26      820       0
                text21                             1B6E     1B6E       46      820       0
                text20                             151E     151E       DE      820       0
                text19                             1E1C     1E1C       12      820       0
                text18                             1E2E     1E2E        6      820       0
                text17                             1DC6     1DC6       30      820       0
                text16                             15FC     15FC       C4      820       0
                text15                             16C0     16C0       B0      820       0
                text14                             1D62     1D62       34      820       0
                text13                             1E34     1E34        2      820       0
                text12                             181E     181E       AA      820       0
                text11                             1040     1040      1C0      820       0
                text10                             1C3A     1C3A       40      820       0
                text9                              1D2E     1D2E       34      820       0
                text8                              1BB4     1BB4       44      820       0
                text7                              18C8     18C8       A4      820       0
                text6                              1436     1436       E8      820       0
                text5                              1BF8     1BF8       42      820       0
                text4                              196C     196C       A0      820       0
                text3                              1CB8     1CB8       3C      820       0
                text2                              1ACA     1ACA       5A      820       0
                text1                              1CF4     1CF4       3A      820       0
                text0                              1770     1770       AE      820       0
                cstackCOMRAM                         31       31       2C        1       1
                bssBANK0                             80       80       20       80       1
                dataCOMRAM                            1        1       30        1       1
                bssCOMRAM                            5D       5D       16        1       1
                cinit                              1C7A     1C7A       3E      820       0
                idataCOMRAM                        1D96     1D96       30      820       0

TOTAL           Name                               Link     Load   Length     Space
        CLASS   CODE           
                init                                  0        0        4         0
                text27                             1200     1200      126         0
                text26                             1326     1326      110         0
                text25                             1A6C     1A6C       5E         0
                text24                             1A0C     1A0C       60         0
                text23                             1B24     1B24       4A         0
                text22                             1DF6     1DF6       26         0
                text21                             1B6E     1B6E       46         0
                text20                             151E     151E       DE         0
                text19                             1E1C     1E1C       12         0
                text18                             1E2E     1E2E        6         0
                text17                             1DC6     1DC6       30         0
                text16                             15FC     15FC       C4         0
                text15                             16C0     16C0       B0         0
                text14                             1D62     1D62       34         0
                text13                             1E34     1E34        2         0
                text12                             181E     181E       AA         0
                text11                             1040     1040      1C0         0
                text10                             1C3A     1C3A       40         0
                text9                              1D2E     1D2E       34         0
                text8                              1BB4     1BB4       44         0
                text7                              18C8     18C8       A4         0
                text6                              1436     1436       E8         0
                text5                              1BF8     1BF8       42         0
                text4                              196C     196C       A0         0
                text3                              1CB8     1CB8       3C         0
                text2                              1ACA     1ACA       5A         0
                text1                              1CF4     1CF4       3A         0
                text0                              1770     1770       AE         0
                cinit                              1C7A     1C7A       3E         0
                idataCOMRAM                        1D96     1D96       30         0

        CLASS   CONST          

        CLASS   SMALLCONST     
                smallconst                         1000     1000       40         0

        CLASS   MEDIUMCONST    

        CLASS   COMRAM         
                cstackCOMRAM                         31       31       2C         1
                dataCOMRAM                            1        1       30         1
                bssCOMRAM                            5D       5D       16         1

        CLASS   ABS1           

        CLASS   BIGRAM         

        CLASS   RAM            

        CLASS   BANK0          
                bssBANK0                             80       80       20         1

        CLASS   BANK1          

        CLASS   BANK2          

        CLASS   BANK3          

        CLASS   BANK4          

        CLASS   BANK5          

        CLASS   BANK6          

        CLASS   BANK7          

        CLASS   BANK8          

        CLASS   BANK9          

        CLASS   BANK10         

        CLASS   BANK11         

        CLASS   BANK12         

        CLASS   BANK13         

        CLASS   BANK14         

        CLASS   BANK15         

        CLASS   SFR            

        CLASS   BIGSFR         

        CLASS   CONFIG         
                config                           300000   300000        E         4

        CLASS   IDLOC          
                idloc                            200000   200000        8         5

        CLASS   EEDATA         

        CLASS   FARRAM         

        CLASS   HEAP           

        CLASS   STACK          



SEGMENTS        Name                           Load    Length   Top    Selector   Space  Class

                reset_vec                      000000  000004  000004         0       0  CODE    
                dataCOMRAM                     000001  000072  000073         1       1  COMRAM  
                bssBANK0                       000080  000020  0000A0        80       1  BANK0   
                smallconst                     001000  000040  001040       800       0  SMALLCON
                text11                         001040  000DF6  001E36       820       0  CODE    


UNUSED ADDRESS RANGES

        Name                Unused          Largest block    Delta
        BANK0            0000A0-0000FF               60
        BANK1            000100-0001FF              100
        BANK10           000A00-000AFF              100
        BANK11           000B00-000BFF              100
        BANK12           000C00-000CFF              100
        BANK13           000D00-000DFF              100
        BANK14           000E00-000EFF              100
        BANK15           000F00-000F7F               80
        BANK2            000200-0002FF              100
        BANK3            000300-0003FF              100
        BANK4            000400-0004FF              100
        BANK5            000500-0005FF              100
        BANK6            000600-0006FF              100
        BANK7            000700-0007FF              100
        BANK8            000800-0008FF              100
        BANK9            000900-0009FF              100
        BIGRAM           000073-00007F                D
                         0000A0-000F7F              EE0
        BIGSFR           000F80-000FFF               80
        CODE             000004-000FFF              FFC
                         001E36-00FFFF             E1CA
        COMRAM           000073-00007F                D
        CONST            000004-000FFF              FFC
                         001E36-00FFFF             E1CA
        EEDATA           F00000-F003FF              400
        MEDIUMCONST      001E36-00FFFF             E1CA
        RAM              0000A0-000F7F              100
        SFR              000F80-000FFF               80
        SMALLCONST       001E36-00FFFF              100

                                  Symbol Table

?___awdiv                              cstackCOMRAM 000031
?___awmod                              cstackCOMRAM 000031
?_abs                                  cstackCOMRAM 000037
?_sprintf                              cstackCOMRAM 00004A
?_vfprintf                             cstackCOMRAM 000046
_INTCON3bits                           (abs)        000FF0
_INTCONbits                            (abs)        000FF2
_LATA                                  (abs)        000F89
_LATB                                  (abs)        000F8A
_LATC                                  (abs)        000F8B
_LATD                                  (abs)        000F8C
_LATE                                  (abs)        000F8D
_PORTA                                 (abs)        000F80
_PORTB                                 (abs)        000F81
_PORTC                                 (abs)        000F82
_PORTD                                 (abs)        000F83
_PORTE                                 (abs)        000F84
_TRISA                                 (abs)        000F92
_TRISB                                 (abs)        000F93
_TRISC                                 (abs)        000F94
_TRISD                                 (abs)        000F95
_TRISE                                 (abs)        000F96
__HRAM                                 (abs)        000000
__H__absolute__                        __absolute__ 000000
__Habs1                                abs1         000000
__Hbank0                               bank0        000000
__Hbank1                               bank1        000000
__Hbank10                              bank10       000000
__Hbank11                              bank11       000000
__Hbank12                              bank12       000000
__Hbank13                              bank13       000000
__Hbank14                              bank14       000000
__Hbank15                              bank15       000000
__Hbank2                               bank2        000000
__Hbank3                               bank3        000000
__Hbank4                               bank4        000000
__Hbank5                               bank5        000000
__Hbank6                               bank6        000000
__Hbank7                               bank7        000000
__Hbank8                               bank8        000000
__Hbank9                               bank9        000000
__Hbigbss                              bigbss       000000
__Hbigdata                             bigdata      000000
__Hbigram                              bigram       000000
__Hbigsfr                              bigsfr       000000
__Hbss                                 bss          000000
__HbssBANK0                            bssBANK0     000000
__HbssCOMRAM                           bssCOMRAM    000000
__Hcinit                               cinit        000000
__Hclrtext                             clrtext      000000
__Hcomram                              comram       000000
__Hconfig                              config       30000E
__Hconst                               const        000000
__HcstackCOMRAM                        cstackCOMRAM 000000
__Hdata                                data         000000
__HdataCOMRAM                          dataCOMRAM   000000
__Heeprom_data                         eeprom_data  000000
__Hfarbss                              farbss       000000
__Hfardata                             fardata      000000
__Hheap                                heap         000000
__Hibigdata                            ibigdata     000000
__Hidata                               idata        000000
__HidataCOMRAM                         idataCOMRAM  000000
__Hidloc                               idloc        200008
__Hifardata                            ifardata     000000
__Hinit                                init         000004
__Hintcode                             intcode      000000
__Hintcode_body                        intcode_body 000000
__Hintcodelo                           intcodelo    000000
__Hintentry                            intentry     000000
__Hintret                              intret       000000
__Hintsave_regs                        intsave_regs 000000
__Hirdata                              irdata       000000
__Hmediumconst                         mediumconst  000000
__HnvFARRAM                            nvFARRAM     000000
__Hnvbit                               nvbit        000000
__Hnvrram                              nvrram       000000
__Hparam                               rparam       000000
__Hpowerup                             powerup      000000
__Hram                                 ram          000000
__Hramtop                              ramtop       001000
__Hrbit                                rbit         000000
__Hrbss                                rbss         000000
__Hrdata                               rdata        000000
__Hreset_vec                           reset_vec    000000
__Hrparam                              rparam       000000
__Hsfr                                 sfr          000000
__Hsmallconst                          smallconst   001040
__Hspace_0                             (abs)        001E36
__Hspace_1                             (abs)        0000A0
__Hspace_2                             (abs)        000000
__Hspace_4                             (abs)        60000E
__Hstack                               stack        000000
__Hstruct                              struct       000000
__Htemp                                temp         000000
__Htext                                text         000000
__Htext0                               text0        000000
__Htext1                               text1        000000
__Htext10                              text10       000000
__Htext11                              text11       000000
__Htext12                              text12       000000
__Htext13                              text13       000000
__Htext14                              text14       000000
__Htext15                              text15       000000
__Htext16                              text16       000000
__Htext17                              text17       000000
__Htext18                              text18       000000
__Htext19                              text19       000000
__Htext2                               text2        000000
__Htext20                              text20       000000
__Htext21                              text21       000000
__Htext22                              text22       000000
__Htext23                              text23       000000
__Htext24                              text24       000000
__Htext25                              text25       000000
__Htext26                              text26       000000
__Htext27                              text27       000000
__Htext3                               text3        000000
__Htext4                               text4        000000
__Htext5                               text5        000000
__Htext6                               text6        000000
__Htext7                               text7        000000
__Htext8                               text8        000000
__Htext9                               text9        000000
__LRAM                                 (abs)        000001
__L__absolute__                        __absolute__ 000000
__Labs1                                abs1         000000
__Lbank0                               bank0        000000
__Lbank1                               bank1        000000
__Lbank10                              bank10       000000
__Lbank11                              bank11       000000
__Lbank12                              bank12       000000
__Lbank13                              bank13       000000
__Lbank14                              bank14       000000
__Lbank15                              bank15       000000
__Lbank2                               bank2        000000
__Lbank3                               bank3        000000
__Lbank4                               bank4        000000
__Lbank5                               bank5        000000
__Lbank6                               bank6        000000
__Lbank7                               bank7        000000
__Lbank8                               bank8        000000
__Lbank9                               bank9        000000
__Lbigbss                              bigbss       000000
__Lbigdata                             bigdata      000000
__Lbigram                              bigram       000000
__Lbigsfr                              bigsfr       000000
__Lbss                                 bss          000000
__LbssBANK0                            bssBANK0     000000
__LbssCOMRAM                           bssCOMRAM    000000
__Lcinit                               cinit        000000
__Lclrtext                             clrtext      000000
__Lcomram                              comram       000000
__Lconfig                              config       000000
__Lconst                               const        000000
__LcstackCOMRAM                        cstackCOMRAM 000000
__Ldata                                data         000000
__LdataCOMRAM                          dataCOMRAM   000000
__Leeprom_data                         eeprom_data  000000
__Lfarbss                              farbss       000000
__Lfardata                             fardata      000000
__Lheap                                heap         000000
__Libigdata                            ibigdata     000000
__Lidata                               idata        000000
__LidataCOMRAM                         idataCOMRAM  000000
__Lidloc                               idloc        000000
__Lifardata                            ifardata     000000
__Linit                                init         000000
__Lintcode                             intcode      000000
__Lintcode_body                        intcode_body 000000
__Lintcodelo                           intcodelo    000000
__Lintentry                            intentry     000000
__Lintret                              intret       000000
__Lintsave_regs                        intsave_regs 000000
__Lirdata                              irdata       000000
__Lmediumconst                         mediumconst  000000
__LnvFARRAM                            nvFARRAM     000000
__Lnvbit                               nvbit        000000
__Lnvrram                              nvrram       000000
__Lparam                               rparam       000000
__Lpowerup                             powerup      000000
__Lram                                 ram          000000
__Lramtop                              ramtop       001000
__Lrbit                                rbit         000000
__Lrbss                                rbss         000000
__Lrdata                               rdata        000000
__Lreset_vec                           reset_vec    000000
__Lrparam                              rparam       000000
__Lsfr                                 sfr          000000
__Lsmallconst                          smallconst   001000
__Lspace_0                             (abs)        000000
__Lspace_1                             (abs)        000000
__Lspace_2                             (abs)        000000
__Lspace_4                             (abs)        000000
__Lstack                               stack        000000
__Lstruct                              struct       000000
__Ltemp                                temp         000000
__Ltext                                text         000000
__Ltext0                               text0        000000
__Ltext1                               text1        000000
__Ltext10                              text10       000000
__Ltext11                              text11       000000
__Ltext12                              text12       000000
__Ltext13                              text13       000000
__Ltext14                              text14       000000
__Ltext15                              text15       000000
__Ltext16                              text16       000000
__Ltext17                              text17       000000
__Ltext18                              text18       000000
__Ltext19                              text19       000000
__Ltext2                               text2        000000
__Ltext20                              text20       000000
__Ltext21                              text21       000000
__Ltext22                              text22       000000
__Ltext23                              text23       000000
__Ltext24                              text24       000000
__Ltext25                              text25       000000
__Ltext26                              text26       000000
__Ltext27                              text27       000000
__Ltext3                               text3        000000
__Ltext4                               text4        000000
__Ltext5                               text5        000000
__Ltext6                               text6        000000
__Ltext7                               text7        000000
__Ltext8                               text8        000000
__Ltext9                               text9        000000
__S0                                   (abs)        001E36
__S1                                   (abs)        0000A0
__S4                                   (abs)        000000
__S5                                   (abs)        000000
___awdiv                               text16       0015FC
___awdiv@counter                       cstackCOMRAM 000035
___awdiv@dividend                      cstackCOMRAM 000031
___awdiv@divisor                       cstackCOMRAM 000033
___awdiv@quotient                      cstackCOMRAM 000037
___awdiv@sign                          cstackCOMRAM 000036
___awmod                               text15       0016C0
___awmod@counter                       cstackCOMRAM 000035
___awmod@dividend                      cstackCOMRAM 000031
___awmod@divisor                       cstackCOMRAM 000033
___awmod@sign                          cstackCOMRAM 000036
___heap_hi                             (abs)        000000
___heap_lo                             (abs)        000000
___inthi_sp                            stack        000000
___inthi_stack_hi                      stack        000000
___inthi_stack_lo                      stack        000000
___intlo_sp                            stack        000000
___intlo_stack_hi                      stack        000000
___intlo_stack_lo                      stack        000000
___param_bank                          (abs)        000000
___rparam_used                         (abs)        000001
___sp                                  stack        000000
___stack_hi                            stack        000000
___stack_lo                            stack        000000
__accesstop                            (abs)        000080
__activetblptr                         (abs)        000003
__end_of___awdiv                       text16       0016C0
__end_of___awmod                       text15       001770
__end_of__initialization               cinit        001CB2
__end_of_abs                           text14       001D96
__end_of_app_init                      text18       001E34
__end_of_convert_uint8_to_string       text8        001BF8
__end_of_ecu_layer_initialize          text19       001E2E
__end_of_fputc                         text12       0018C8
__end_of_gpio_pin_direction_init       text27       001326
__end_of_gpio_pin_init                 text25       001ACA
__end_of_gpio_pin_read                 text7        00196C
__end_of_gpio_pin_write                text26       001436
__end_of_keypad_buttons                smallconst   001011
__end_of_keypad_get_key_pressed        text6        00151E
__end_of_keypad_init                   text24       001A6C
__end_of_lcd_init                      text20       0015FC
__end_of_lcd_send_bits                 text23       001B6E
__end_of_lcd_send_char_data            text5        001C3A
__end_of_lcd_send_char_data_position   text3        001CF4
__end_of_lcd_send_command              text21       001BB4
__end_of_lcd_send_enable_signal        text22       001E1C
__end_of_lcd_send_string_data          text2        001B24
__end_of_lcd_send_string_data_position text1        001D2E
__end_of_lcd_set_cursor_position       text4        001A0C
__end_of_main                          text0        00181E
__end_of_memset                        text17       001DF6
__end_of_putch                         text13       001E36
__end_of_sprintf                       text9        001D62
__end_of_vfpfcnvrt                     text11       001200
__end_of_vfprintf                      text10       001C7A
__initialization                       cinit        001C7A
__mediumconst                          mediumconst  000000
__pbssBANK0                            bssBANK0     000080
__pbssCOMRAM                           bssCOMRAM    00005D
__pcinit                               cinit        001C7A
__pcstackCOMRAM                        cstackCOMRAM 000031
__pdataCOMRAM                          dataCOMRAM   000001
__pidataCOMRAM                         idataCOMRAM  001D96
__psmallconst                          smallconst   001000
__ptext0                               text0        001770
__ptext1                               text1        001CF4
__ptext10                              text10       001C3A
__ptext11                              text11       001040
__ptext12                              text12       00181E
__ptext13                              text13       001E34
__ptext14                              text14       001D62
__ptext15                              text15       0016C0
__ptext16                              text16       0015FC
__ptext17                              text17       001DC6
__ptext18                              text18       001E2E
__ptext19                              text19       001E1C
__ptext2                               text2        001ACA
__ptext20                              text20       00151E
__ptext21                              text21       001B6E
__ptext22                              text22       001DF6
__ptext23                              text23       001B24
__ptext24                              text24       001A0C
__ptext25                              text25       001A6C
__ptext26                              text26       001326
__ptext27                              text27       001200
__ptext3                               text3        001CB8
__ptext4                               text4        00196C
__ptext5                               text5        001BF8
__ptext6                               text6        001436
__ptext7                               text7        0018C8
__ptext8                               text8        001BB4
__ptext9                               text9        001D2E
__ramtop                               ramtop       001000
__smallconst                           smallconst   001000
_abs                                   text14       001D62
_app_init                              text18       001E2E
_convert_uint8_to_string               text8        001BB4
_dbuf                                  bssBANK0     000080
_ecu_layer_initialize                  text19       001E1C
_flags                                 bssCOMRAM    000067
_fputc                                 text12       00181E
_gpio_pin_direction_init               text27       001200
_gpio_pin_init                         text25       001A6C
_gpio_pin_read                         text7        0018C8
_gpio_pin_write                        text26       001326
_key                                   bssCOMRAM    000071
_keypad_1                              dataCOMRAM   000029
_keypad_buttons                        smallconst   001001
_keypad_get_key_pressed                text6        001436
_keypad_init                           text24       001A0C
_lat_reg                               dataCOMRAM   00000B
_lcd_1                                 dataCOMRAM   00001F
_lcd_init                              text20       00151E
_lcd_send_bits                         text23       001B24
_lcd_send_char_data                    text5        001BF8
_lcd_send_char_data_position           text3        001CB8
_lcd_send_command                      text21       001B6E
_lcd_send_enable_signal                text22       001DF6
_lcd_send_string_data                  text2        001ACA
_lcd_send_string_data_position         text1        001CF4
_lcd_set_cursor_position               text4        00196C
_main                                  text0        001770
_memset                                text17       001DC6
_port_reg                              dataCOMRAM   000001
_prec                                  bssCOMRAM    00005F
_putch                                 text13       001E34
_ret                                   bssCOMRAM    000068
_sprintf                               text9        001D2E
_str                                   bssCOMRAM    000072
_tris_reg                              dataCOMRAM   000015
_vfpfcnvrt                             text11       001040
_vfprintf                              text10       001C3A
_width                                 bssCOMRAM    00005D
abs@a                                  cstackCOMRAM 000037
convert_uint8_to_string@str            cstackCOMRAM 00005B
convert_uint8_to_string@value          cstackCOMRAM 00005C
end_of_initialization                  cinit        001CB2
fputc@c                                cstackCOMRAM 000031
fputc@fp                               cstackCOMRAM 000033
gpio_pin_direction_init@pin_confg      cstackCOMRAM 000031
gpio_pin_direction_init@ret            cstackCOMRAM 000037
gpio_pin_init@pin_confg                cstackCOMRAM 000039
gpio_pin_init@ret                      cstackCOMRAM 00003B
gpio_pin_read@pin_confg                cstackCOMRAM 000031
gpio_pin_read@pin_state                cstackCOMRAM 000032
gpio_pin_read@ret                      cstackCOMRAM 000037
gpio_pin_write@pin_confg               cstackCOMRAM 000031
gpio_pin_write@pin_state               cstackCOMRAM 000032
gpio_pin_write@ret                     cstackCOMRAM 000038
intlevel0                              text         000000
intlevel1                              text         000000
intlevel2                              text         000000
intlevel3                              text         000000
isa$std                                (abs)        000001
isa$xinst                              (abs)        000000
keypad_get_key_pressed@col_pin_state   cstackCOMRAM 00003D
keypad_get_key_pressed@keypad_obj      cstackCOMRAM 000039
keypad_get_key_pressed@l_column_count  cstackCOMRAM 000040
keypad_get_key_pressed@l_count         cstackCOMRAM 00003E
keypad_get_key_pressed@l_row_count     cstackCOMRAM 00003F
keypad_get_key_pressed@num             cstackCOMRAM 00003C
keypad_get_key_pressed@value           cstackCOMRAM 00003A
keypad_init@column_count               cstackCOMRAM 00003E
keypad_init@keypad_obj                 cstackCOMRAM 00003C
keypad_init@row_count                  cstackCOMRAM 00003D
lcd_init@l_count                       cstackCOMRAM 000046
lcd_init@lcd_obj                       cstackCOMRAM 000043
lcd_init@ret                           cstackCOMRAM 000045
lcd_send_bits@data_cmd                 cstackCOMRAM 00003A
lcd_send_bits@l_count                  cstackCOMRAM 00003E
lcd_send_bits@lcd_obj                  cstackCOMRAM 000039
lcd_send_bits@ret                      cstackCOMRAM 00003D
lcd_send_char_data@data                cstackCOMRAM 000040
lcd_send_char_data@lcd_obj             cstackCOMRAM 00003F
lcd_send_char_data@ret                 cstackCOMRAM 000041
lcd_send_char_data_position@col        cstackCOMRAM 00004B
lcd_send_char_data_position@data       cstackCOMRAM 000049
lcd_send_char_data_position@lcd_obj    cstackCOMRAM 000048
lcd_send_char_data_position@ret        cstackCOMRAM 00004C
lcd_send_char_data_position@row        cstackCOMRAM 00004A
lcd_send_command@cmd                   cstackCOMRAM 000040
lcd_send_command@l_count               cstackCOMRAM 000041
lcd_send_command@lcd_obj               cstackCOMRAM 00003F
lcd_send_command@ret                   cstackCOMRAM 000042
lcd_send_enable_signal@lcd_obj         cstackCOMRAM 000039
lcd_send_enable_signal@ret             cstackCOMRAM 00003A
lcd_send_string_data@lcd_obj           cstackCOMRAM 000042
lcd_send_string_data@ret               cstackCOMRAM 000044
lcd_send_string_data@str               cstackCOMRAM 000043
lcd_send_string_data_position@col      cstackCOMRAM 00004B
lcd_send_string_data_position@lcd_obj  cstackCOMRAM 000048
lcd_send_string_data_position@ret      cstackCOMRAM 00004C
lcd_send_string_data_position@row      cstackCOMRAM 00004A
lcd_send_string_data_position@str      cstackCOMRAM 000049
lcd_set_cursor_position@col            cstackCOMRAM 000045
lcd_set_cursor_position@lcd_obj        cstackCOMRAM 000043
lcd_set_cursor_position@row            cstackCOMRAM 000044
led_init@F3062                         bssCOMRAM    000070
led_off@F3072                          bssCOMRAM    00006E
led_on@F3067                           bssCOMRAM    00006F
led_toggle@F3077                       bssCOMRAM    00006D
memset@c                               cstackCOMRAM 000032
memset@dest                            cstackCOMRAM 000031
memset@n                               cstackCOMRAM 000034
memset@p                               cstackCOMRAM 000036
relay_init@F3057                       bssCOMRAM    00006C
relay_off@F3067                        bssCOMRAM    00006A
relay_on@F3062                         bssCOMRAM    00006B
relay_toggle@F3072                     bssCOMRAM    000069
sprintf@ap                             cstackCOMRAM 00004E
sprintf@f                              cstackCOMRAM 00004F
sprintf@fmt                            cstackCOMRAM 00004B
sprintf@s                              cstackCOMRAM 00004A
stackhi                                (abs)        000000
stacklo                                (abs)        000000
start                                  init         000000
start_initialization                   cinit        001C7A
vfpfcnvrt@ap                           cstackCOMRAM 00003D
vfpfcnvrt@c                            cstackCOMRAM 000045
vfpfcnvrt@convarg                      cstackCOMRAM 000041
vfpfcnvrt@cp                           cstackCOMRAM 000040
vfpfcnvrt@done                         cstackCOMRAM 00003F
vfpfcnvrt@fmt                          cstackCOMRAM 00003C
vfpfcnvrt@fp                           cstackCOMRAM 00003B
vfprintf@ap                            cstackCOMRAM 000048
vfprintf@cfmt                          cstackCOMRAM 000049
vfprintf@fmt                           cstackCOMRAM 000047
vfprintf@fp                            cstackCOMRAM 000046


MODULE INFORMATION

Module		Function		Class		Link	Load	Size
ECU_Layer/KeyPad/ecu_keypad.c
		_keypad_init   		CODE           	1A0C	0000	96
		_keypad_get_key_pressed		CODE           	1436	0000	232

ECU_Layer/KeyPad/ecu_keypad.c estimated size: 328

C:\Program Files\Microchip\xc8\v2.45\pic\sources\c99\common\nf_sprintf.c
		_sprintf       		CODE           	1D2E	0000	52

C:\Program Files\Microchip\xc8\v2.45\pic\sources\c99\common\nf_sprintf.c estimated size: 52

C:\Program Files\Microchip\xc8\v2.45\pic\sources\c99\common\awmod.c
		___awmod       		CODE           	16C0	0000	176

C:\Program Files\Microchip\xc8\v2.45\pic\sources\c99\common\awmod.c estimated size: 176

C:\Program Files\Microchip\xc8\v2.45\pic\sources\c99\common\putch.c
		_putch         		CODE           	1E34	0000	2

C:\Program Files\Microchip\xc8\v2.45\pic\sources\c99\common\putch.c estimated size: 2

shared
		__initialization		CODE           	1C7A	0000	56
		_keypad_buttons		SMALLCONST     	1001	0000	16

shared estimated size: 72

C:\Program Files\Microchip\xc8\v2.45\pic\sources\c99\common\abs.c
		_abs           		CODE           	1D62	0000	52

C:\Program Files\Microchip\xc8\v2.45\pic\sources\c99\common\abs.c estimated size: 52

MCAL_Layer/GPIO/hal_gpio.c
		_gpio_pin_write		CODE           	1326	0000	272
		_gpio_pin_direction_init		CODE           	1200	0000	294
		_gpio_pin_read 		CODE           	18C8	0000	164
		_gpio_pin_init 		CODE           	1A6C	0000	94

MCAL_Layer/GPIO/hal_gpio.c estimated size: 824

C:\Program Files\Microchip\xc8\v2.45\pic\sources\c99\common\memset.c
		_memset        		CODE           	1DC6	0000	48

C:\Program Files\Microchip\xc8\v2.45\pic\sources\c99\common\memset.c estimated size: 48

ECU_Layer/ecu_layer_init.c
		_ecu_layer_initialize		CODE           	1E1C	0000	18

ECU_Layer/ecu_layer_init.c estimated size: 18

ECU_Layer/Char_LCD/ecu_char_LDC.c
		_lcd_send_char_data_position		CODE           	1CB8	0000	60
		_lcd_send_command		CODE           	1B6E	0000	70
		_lcd_send_bits 		CODE           	1B24	0000	74
		_lcd_send_enable_signal		CODE           	1DF6	0000	38
		_lcd_set_cursor_position		CODE           	196C	0000	160
		_lcd_send_char_data		CODE           	1BF8	0000	66
		_lcd_send_string_data		CODE           	1ACA	0000	90
		_lcd_init      		CODE           	151E	0000	222
		_lcd_send_string_data_position		CODE           	1CF4	0000	58
		_convert_uint8_to_string		CODE           	1BB4	0000	68

ECU_Layer/Char_LCD/ecu_char_LDC.c estimated size: 906

application.c
		_main          		CODE           	1770	0000	174
		_app_init      		CODE           	1E2E	0000	6

application.c estimated size: 180

C:\Program Files\Microchip\xc8\v2.45\pic\sources\c99\common\nf_fputc.c
		_fputc         		CODE           	181E	0000	170

C:\Program Files\Microchip\xc8\v2.45\pic\sources\c99\common\nf_fputc.c estimated size: 170

C:\Program Files\Microchip\xc8\v2.45\pic\sources\c99\common\doprnt.c
		_vfpfcnvrt     		CODE           	1040	0000	448
		_vfprintf      		CODE           	1C3A	0000	64

C:\Program Files\Microchip\xc8\v2.45\pic\sources\c99\common\doprnt.c estimated size: 512

C:\Program Files\Microchip\xc8\v2.45\pic\sources\c99\common\awdiv.c
		___awdiv       		CODE           	15FC	0000	196

C:\Program Files\Microchip\xc8\v2.45\pic\sources\c99\common\awdiv.c estimated size: 196

